// Jest Snapshot v1, https://goo.gl/fbAQLP

exports[`mappers.aws-mapper.js convertBody should handle stringified json 1`] = `
Object {
  "name": "Dave",
}
`;

exports[`mappers.aws-mapper.js convertEventToRequest should apply sensible defaults for empty event object 1`] = `
Object {
  "apiId": undefined,
  "authorizer": Object {},
  "body": Object {},
  "headers": Object {},
  "id": undefined,
  "identity": Object {},
  "method": undefined,
  "og": Object {
    "context": undefined,
    "event": Object {},
  },
  "params": Object {},
  "provider": "aws",
  "query": Object {},
  "resource": undefined,
  "stage": undefined,
}
`;

exports[`mappers.aws-mapper.js convertEventToRequest should map event to an object res can consume 1`] = `
Object {
  "apiId": "xxxxxxxxxx",
  "authorizer": Object {},
  "body": Object {
    "name": "Ethan",
  },
  "headers": Object {
    "Accept": "text/html,application/xhtml+xml,application/xml;q=0.9,image/webp,*/*;q=0.8",
    "Accept-Encoding": "gzip, deflate, sdch, br",
    "Accept-Language": "en-US,en;q=0.8",
    "CloudFront-Forwarded-Proto": "https",
    "CloudFront-Is-Desktop-Viewer": "true",
    "CloudFront-Is-Mobile-Viewer": "false",
    "CloudFront-Is-SmartTV-Viewer": "false",
    "CloudFront-Is-Tablet-Viewer": "false",
    "CloudFront-Viewer-Country": "US",
    "Content-Type": "application/json",
    "Host": "xxxxxxxxxx.execute-api.us-east-1.amazonaws.com",
    "Upgrade-Insecure-Requests": "1",
    "User-Agent": "Mozilla/5.0 (Macintosh; Intel Mac OS X 10_11_6) AppleWebKit/537.36 (KHTML, like Gecko) Chrome/52.0.2743.116 Safari/537.36",
    "Via": "1.1 xxxxxxxxxxxxxxxxxxxxxxxxxxxxxxxx.cloudfront.net (CloudFront)",
    "X-Amz-Cf-Id": "xxxxxxxxxxxxxxxxxxxxxxxxxxxxxxxxxxxxx_xxxxxxxxxxx_xxxx==",
    "X-Forwarded-For": "11.111.111.111, 11.111.111.111",
    "X-Forwarded-Port": "111",
    "X-Forwarded-Proto": "http",
  },
  "id": "xxxxxxxx-xxxx-xxxx-xxxx-xxxxxxxxxxxx",
  "identity": Object {
    "accountId": "",
    "apiKey": "",
    "caller": "",
    "cognitoAuthenticationProvider": "",
    "cognitoAuthenticationType": "",
    "cognitoIdentityId": "",
    "cognitoIdentityPoolId": "",
    "sourceIp": "11.111.111.111",
    "user": "",
    "userAgent": "Mozilla/5.0 (Macintosh; Intel Mac OS X 10_11_6) AppleWebKit/537.36 (KHTML, like Gecko) Chrome/52.0.2743.116 Safari/537.36",
    "userArn": "",
  },
  "method": "GET",
  "og": Object {
    "context": undefined,
    "event": Object {
      "body": "{\\"name\\": \\"Ethan\\"}",
      "headers": Object {
        "Accept": "text/html,application/xhtml+xml,application/xml;q=0.9,image/webp,*/*;q=0.8",
        "Accept-Encoding": "gzip, deflate, sdch, br",
        "Accept-Language": "en-US,en;q=0.8",
        "CloudFront-Forwarded-Proto": "https",
        "CloudFront-Is-Desktop-Viewer": "true",
        "CloudFront-Is-Mobile-Viewer": "false",
        "CloudFront-Is-SmartTV-Viewer": "false",
        "CloudFront-Is-Tablet-Viewer": "false",
        "CloudFront-Viewer-Country": "US",
        "Content-Type": "application/json",
        "Host": "xxxxxxxxxx.execute-api.us-east-1.amazonaws.com",
        "Upgrade-Insecure-Requests": "1",
        "User-Agent": "Mozilla/5.0 (Macintosh; Intel Mac OS X 10_11_6) AppleWebKit/537.36 (KHTML, like Gecko) Chrome/52.0.2743.116 Safari/537.36",
        "Via": "1.1 xxxxxxxxxxxxxxxxxxxxxxxxxxxxxxxx.cloudfront.net (CloudFront)",
        "X-Amz-Cf-Id": "xxxxxxxxxxxxxxxxxxxxxxxxxxxxxxxxxxxxx_xxxxxxxxxxx_xxxx==",
        "X-Forwarded-For": "11.111.111.111, 11.111.111.111",
        "X-Forwarded-Port": "111",
        "X-Forwarded-Proto": "http",
      },
      "httpMethod": "GET",
      "path": "/",
      "pathParameters": Object {
        "id": "1",
      },
      "queryStringParameters": Object {},
      "requestContext": Object {
        "accountId": "111111111111",
        "apiId": "xxxxxxxxxx",
        "httpMethod": "GET",
        "identity": Object {
          "accountId": "",
          "apiKey": "",
          "caller": "",
          "cognitoAuthenticationProvider": "",
          "cognitoAuthenticationType": "",
          "cognitoIdentityId": "",
          "cognitoIdentityPoolId": "",
          "sourceIp": "11.111.111.111",
          "user": "",
          "userAgent": "Mozilla/5.0 (Macintosh; Intel Mac OS X 10_11_6) AppleWebKit/537.36 (KHTML, like Gecko) Chrome/52.0.2743.116 Safari/537.36",
          "userArn": "",
        },
        "requestId": "xxxxxxxx-xxxx-xxxx-xxxx-xxxxxxxxxxxx",
        "resourceId": "xxxxxx",
        "resourcePath": "/{proxy+}",
        "stage": "prod",
      },
      "resource": "/{proxy+}",
    },
  },
  "params": Object {
    "id": "1",
  },
  "provider": "aws",
  "query": Object {},
  "resource": "/{proxy+}",
  "stage": "prod",
}
`;
