// Jest Snapshot v1, https://goo.gl/fbAQLP

exports[`options-validator.js validateHeaders should throw options.headers non object 1`] = `"Unexpected options.headers format. endpoint options only supports headers as an object"`;
