// Jest Snapshot v1, https://goo.gl/fbAQLP

exports[`endpoint.res.js Res should throw options.headers as non plain object 1`] = `"Unexpected options.headers format. endpoint options only supports headers as an object"`;
